// Jest Snapshot v1, https://goo.gl/fbAQLP

exports[`App renders correctly 1`] = `
<div id="app">
  <codingchallenge-stub optionsdata="[object Object],[object Object],[object Object],[object Object]"></codingchallenge-stub>
</div>
`;
